// Vitest Snapshot v1, https://vitest.dev/guide/snapshot.html

exports[`SizedBox > snapshot unchanged 1`] = `
<DocumentFragment>
  <div
    class="max-w-4xl mx-auto px-4 lg:px-0"
  />
</DocumentFragment>
`;
