// Vitest Snapshot v1, https://vitest.dev/guide/snapshot.html

exports[`getArticleBySlug > クエリが変わらないこと 1`] = `
[
  {
    "appUid": "xxx",
    "modelUid": "article",
    "query": {
      "slug": "article-1",
    },
  },
]
`;
