// Vitest Snapshot v1, https://vitest.dev/guide/snapshot.html

exports[`Layout > snapshot unchanged 1`] = `
<DocumentFragment>
  <header
    class="max-w-5xl mx-auto px-4 lg:px-0 py-2 sticky top-0"
  >
    <a
      class="font-bold py-2 inline-block hover:underline"
      href="/"
    >
      blog.yoiw.dev
    </a>
  </header>
  <main
    class="max-w-5xl mx-auto px-4 lg:px-0"
  >
    <h1>
      hello world
    </h1>
  </main>
</DocumentFragment>
`;
